// Jest Snapshot v1, https://jestjs.io/docs/snapshot-testing

exports[`activity/ActivityList BetaList smoke-test 1`] = `
<p class="MuiTypography-root MuiTypography-body1 css-1c4wxug-MuiTypography-root">
  Wednesday, May 13, 2020
</p>
<ul class="MuiList-root MuiList-padding css-b7dj7n-MuiList-root">
  <li class="MuiListItem-root MuiListItem-padding MuiListItem-alignItemsFlexStart css-kd2s28-MuiListItem-root">
    <div class="MuiGrid-root MuiGrid-container MuiGrid-direction-xs-row css-tqvfrr-MuiGrid-root">
      <div class="MuiGrid-root MuiGrid-direction-xs-row MuiGrid-grid-xs-10 css-r13beu-MuiGrid-root">
        <div class="MuiBox-root css-geek62">
          <div class="MuiBox-root css-12z0wuy">
            <svg class="MuiSvgIcon-root MuiSvgIcon-fontSizeMedium css-kvy912-MuiSvgIcon-root"
                 focusable="false"
                 aria-hidden="true"
                 viewbox="0 0 24 24"
                 data-testid="ErrorOutlinedIcon"
            >
              <path d="M12 2C6.48 2 2 6.48 2 12s4.48 10 10 10 10-4.48 10-10S17.52 2 12 2m1 15h-2v-2h2zm0-4h-2V7h2z">
              </path>
            </svg>
          </div>
          <div class="MuiBox-root css-0">
            <p class="MuiTypography-root MuiTypography-body1 css-juydac-MuiTypography-root">
              ABC
            </p>
          </div>
        </div>
      </div>
      <div class="MuiGrid-root MuiGrid-direction-xs-row MuiGrid-grid-xs-2 css-15bfe7d-MuiGrid-root">
        <p class="MuiTypography-root MuiTypography-body1 css-9rj0ym-MuiTypography-root">
          02:56 PM
        </p>
      </div>
      <div class="MuiGrid-root MuiGrid-direction-xs-row css-17fpwt7-MuiGrid-root">
        Channel beta is now pointing to version 0.0.0
      </div>
    </div>
  </li>
  <li class="MuiListItem-root MuiListItem-padding MuiListItem-alignItemsFlexStart css-kd2s28-MuiListItem-root">
    <div class="MuiGrid-root MuiGrid-container MuiGrid-direction-xs-row css-tqvfrr-MuiGrid-root">
      <div class="MuiGrid-root MuiGrid-direction-xs-row MuiGrid-grid-xs-10 css-r13beu-MuiGrid-root">
        <div class="MuiBox-root css-geek62">
          <div class="MuiBox-root css-12z0wuy">
            <svg class="MuiSvgIcon-root MuiSvgIcon-fontSizeMedium css-kvy912-MuiSvgIcon-root"
                 focusable="false"
                 aria-hidden="true"
                 viewbox="0 0 24 24"
                 data-testid="ErrorOutlinedIcon"
            >
              <path d="M12 2C6.48 2 2 6.48 2 12s4.48 10 10 10 10-4.48 10-10S17.52 2 12 2m1 15h-2v-2h2zm0-4h-2V7h2z">
              </path>
            </svg>
          </div>
          <div class="MuiBox-root css-0">
            <p class="MuiTypography-root MuiTypography-body1 css-juydac-MuiTypography-root">
              DEF
            </p>
          </div>
        </div>
      </div>
      <div class="MuiGrid-root MuiGrid-direction-xs-row MuiGrid-grid-xs-2 css-15bfe7d-MuiGrid-root">
        <p class="MuiTypography-root MuiTypography-body1 css-9rj0ym-MuiTypography-root">
          02:55 PM
        </p>
      </div>
      <div class="MuiGrid-root MuiGrid-direction-xs-row css-17fpwt7-MuiGrid-root">
        Channel beta is now pointing to version 0.0.0
      </div>
    </div>
  </li>
</ul>
`;

exports[`activity/ActivityList Empty smoke-test 1`] = `
<p class="MuiTypography-root MuiTypography-body1 css-1c4wxug-MuiTypography-root">
  Wednesday, May 13, 2020
</p>
<ul class="MuiList-root MuiList-padding css-b7dj7n-MuiList-root">
</ul>
`;
