// Jest Snapshot v1, https://goo.gl/fbAQLP

exports[`Section Header renders section header correctly 1`] = `
<DocumentFragment>
  <div
    class="MuiPaper-root makeStyles-sectionContainer-1 MuiPaper-elevation0 MuiPaper-rounded"
  >
    <div
      class="MuiGrid-root MuiGrid-container MuiGrid-align-items-xs-center"
    >
      <div
        class="MuiGrid-root MuiGrid-item"
      >
        <nav
          aria-label="breadcrumbs"
          class="MuiTypography-root MuiBreadcrumbs-root MuiTypography-body1 MuiTypography-colorTextSecondary"
        >
          <ol
            class="MuiBreadcrumbs-ol"
          >
            <li
              class="MuiBreadcrumbs-li"
            >
              <a
                class="MuiTypography-root MuiLink-root MuiLink-underlineHover MuiTypography-colorPrimary"
                href="/apps"
              >
                Applications
              </a>
            </li>
            <li
              aria-hidden="true"
              class="MuiBreadcrumbs-separator"
            >
              /
            </li>
            <li
              class="MuiBreadcrumbs-li"
            >
              <p
                class="MuiTypography-root MuiTypography-body1"
              >
                Flatcar
              </p>
            </li>
          </ol>
        </nav>
      </div>
    </div>
  </div>
</DocumentFragment>
`;
