// Jest Snapshot v1, https://goo.gl/fbAQLP

exports[`activity/ActivityList BetaList smoke-test 1`] = `
<p class="MuiTypography-root MuiTypography-body1 stable-makeStyles-listTitle-2 css-1s23nr9-MuiTypography-root">
  Wednesday, May 13, 2020
</p>
<ul class="MuiList-root MuiList-padding css-h4y409-MuiList-root">
  <li class="MuiListItem-root MuiListItem-padding MuiListItem-alignItemsFlexStart stable-makeStyles-list-6 css-15u9cok-MuiListItem-root">
    <div class="MuiGrid-root MuiGrid-container css-1oukqxz-MuiGrid-root">
      <div class="MuiGrid-root MuiGrid-item MuiGrid-grid-xs-10 css-17p3wh3-MuiGrid-root">
        <div class="MuiBox-root css-geek62">
          <div class="MuiBox-root css-12z0wuy">
            <svg xmlns="http://www.w3.org/2000/svg"
                 focusable="false"
                 width="30px"
                 height="30px"
                 preserveaspectratio="xMidYMid meet"
                 viewbox="0 0 24 24"
                 style="transform: rotate(360deg);"
            >
              <path fill="#00d3ff"
                    d="M11 15h2v2h-2v-2m0-8h2v6h-2V7m1-5C6.47 2 2 6.5 2 12a10 10 0 0 0 10 10a10 10 0 0 0 10-10A10 10 0 0 0 12 2m0 18a8 8 0 0 1-8-8a8 8 0 0 1 8-8a8 8 0 0 1 8 8a8 8 0 0 1-8 8Z"
              >
              </path>
            </svg>
          </div>
          <div class="MuiBox-root css-0">
            <p class="MuiTypography-root MuiTypography-body1 stable-makeStyles-appName-4 css-1s23nr9-MuiTypography-root">
              ABC
            </p>
          </div>
        </div>
      </div>
      <div class="MuiGrid-root MuiGrid-item MuiGrid-grid-xs-2 css-1o7apob-MuiGrid-root">
        <p class="MuiTypography-root MuiTypography-body1 stable-makeStyles-time-5 css-b4h4sf-MuiTypography-root">
          02:56 PM
        </p>
      </div>
      <div class="MuiGrid-root MuiGrid-item css-13i4rnv-MuiGrid-root">
        Channel beta is now pointing to version 0.0.0
      </div>
    </div>
  </li>
  <li class="MuiListItem-root MuiListItem-padding MuiListItem-alignItemsFlexStart stable-makeStyles-list-6 css-15u9cok-MuiListItem-root">
    <div class="MuiGrid-root MuiGrid-container css-1oukqxz-MuiGrid-root">
      <div class="MuiGrid-root MuiGrid-item MuiGrid-grid-xs-10 css-17p3wh3-MuiGrid-root">
        <div class="MuiBox-root css-geek62">
          <div class="MuiBox-root css-12z0wuy">
            <svg xmlns="http://www.w3.org/2000/svg"
                 focusable="false"
                 width="30px"
                 height="30px"
                 preserveaspectratio="xMidYMid meet"
                 viewbox="0 0 24 24"
                 style="transform: rotate(360deg);"
            >
              <path fill="#00d3ff"
                    d="M11 15h2v2h-2v-2m0-8h2v6h-2V7m1-5C6.47 2 2 6.5 2 12a10 10 0 0 0 10 10a10 10 0 0 0 10-10A10 10 0 0 0 12 2m0 18a8 8 0 0 1-8-8a8 8 0 0 1 8-8a8 8 0 0 1 8 8a8 8 0 0 1-8 8Z"
              >
              </path>
            </svg>
          </div>
          <div class="MuiBox-root css-0">
            <p class="MuiTypography-root MuiTypography-body1 stable-makeStyles-appName-4 css-1s23nr9-MuiTypography-root">
              DEF
            </p>
          </div>
        </div>
      </div>
      <div class="MuiGrid-root MuiGrid-item MuiGrid-grid-xs-2 css-1o7apob-MuiGrid-root">
        <p class="MuiTypography-root MuiTypography-body1 stable-makeStyles-time-5 css-b4h4sf-MuiTypography-root">
          02:55 PM
        </p>
      </div>
      <div class="MuiGrid-root MuiGrid-item css-13i4rnv-MuiGrid-root">
        Channel beta is now pointing to version 0.0.0
      </div>
    </div>
  </li>
</ul>
`;

exports[`activity/ActivityList Empty smoke-test 1`] = `
<p class="MuiTypography-root MuiTypography-body1 stable-makeStyles-listTitle-1 css-1s23nr9-MuiTypography-root">
  Wednesday, May 13, 2020
</p>
<ul class="MuiList-root MuiList-padding css-h4y409-MuiList-root">
</ul>
`;
